// Jest Snapshot v1, https://goo.gl/fbAQLP

exports[`should render Spinner correctly 1`] = `
<div>
  <div
    class="spinner-border"
    role="status"
  >
    <span
      class="visually-hidden"
    >
      Loading...
    </span>
  </div>
</div>
`;
